Usage: jnirn [options] 
  Options:
    -H   name of generated C header file
    -M   file in which to generate dependency rules in make syntax (requires -o)
    -f   name of the generated function that registers JNI native methods
         Default: RegisterNatives
    -o   name of generated C source file

